2026-09-27 15:51:48 시험 준비: 8초 물리 입력 유휴 대기
2026-09-27 15:51:56 시험 시작: pid=36416 idleMs=8187
2026-09-27 15:52:04 스폰 위치 = Nightclub
2026-09-27 15:52:05 세션 재접속 시작 → Nightclub
2026-09-27 15:52:39 멈춤: 위치 확인: Nightclub 안이 아님 (메뉴 맨 윗줄 불일치)
2026-09-27 15:52:39 멈춤: 위치 확인: Nightclub 안이 아님 (메뉴 맨 윗줄 불일치)
2026-09-27 15:54:05 시험 준비: 8초 물리 입력 유휴 대기
2026-09-27 15:54:13 시험 시작: pid=36416 idleMs=8187
2026-09-27 15:55:05 시험 준비: 8초 물리 입력 유휴 대기
2026-09-27 15:55:13 시험 시작: pid=36416 idleMs=8188
2026-09-27 15:55:18 길찾기 safe: 걸음 1 방향 -6도 27px, 블립까지 41px (길 끝 9px)
2026-09-27 15:55:21 길찾기 safe: 걸음 2 방향 -72도 9px, 블립까지 41px (길 끝 7px)
2026-09-27 15:55:25 길찾기 safe: 걸음 3 방향 14도 12px, 블립까지 38px (길 끝 10px)
2026-09-27 15:55:29 길찾기 safe: 걸음 4 방향 0도 18px, 블립까지 39px (길 끝 9px)
2026-09-27 15:55:32 길찾기 safe: 걸음 5 방향 0도 18px, 블립까지 39px (길 끝 9px)
2026-09-27 15:55:35 길찾기 safe: 걸음 6 방향 0도 18px, 블립까지 38px (길 끝 6px)
2026-09-27 15:55:37 길찾기 safe: 걸음 7 방향 27도 20px, 블립까지 35px (길 끝 6px)
2026-09-27 15:55:41 길찾기 safe: 걸음 8 방향 -70도 35px, 블립까지 45px (길 끝 7px)
2026-09-27 15:55:46 길찾기 safe: 걸음 9 방향 14도 12px, 블립까지 30px (길 끝 8px)
2026-09-27 15:55:49 길찾기 safe: 걸음 10 방향 -120도 24px, 블립까지 33px (길 끝 9px)
2026-09-27 15:56:11 금고 비움 (WALL SAFE $0 확인)
2026-09-27 15:56:24 멈춤: 스폰 변경: 상호작용 메뉴가 열리지 않음
2026-09-27 15:56:24 멈춤: 스폰 변경: 상호작용 메뉴가 열리지 않음
2026-09-27 15:57:41 시험 준비: 8초 물리 입력 유휴 대기
2026-09-27 15:57:50 시험 시작: pid=36416 idleMs=8188
2026-09-27 15:57:51 멈춤: 선택 이동: 상호작용 메뉴 제목을 확인하지 못함
2026-09-27 15:57:51 멈춤: CEO 해제: Retire 줄을 찾지 못함
2026-09-27 15:58:51 시험 준비: 8초 물리 입력 유휴 대기
2026-09-27 15:58:59 시험 시작: pid=36416 idleMs=8187
2026-09-27 15:59:03 멈춤: CEO 해제: 해제 뒤 메뉴에 Register as a Boss 가 안 보임
2026-09-27 15:59:32 시험 준비: 8초 물리 입력 유휴 대기
2026-09-27 15:59:40 시험 시작: pid=36416 idleMs=8000
2026-09-27 16:02:35 시험 준비: 8초 물리 입력 유휴 대기
2026-09-27 16:02:43 시험 시작: pid=36416 idleMs=8000
2026-09-27 16:02:46 길찾기 safe: 걸음 1 방향 0도 12px, 블립까지 20px (길 끝 9px)
2026-09-27 16:03:03 금고 비움 (WALL SAFE $0 확인)
2026-09-27 16:03:13 스폰 위치 = Arcade
2026-09-27 16:03:16 세션 재접속 시작 → Arcade
2026-09-27 16:03:49 도착 확인: Arcade
2026-09-27 16:03:50 Arcade 스폰 자리에서 mct 까지 길이 안 보여 다시 들어감 (1/12, 116도 999px, 길 끝 63px)
2026-09-27 16:04:22 도착 확인: Arcade
2026-09-27 16:04:22 Arcade 스폰 자리에서 mct 까지 길이 안 보여 다시 들어감 (2/12, 블립 없음)
2026-09-27 16:04:53 도착 확인: Arcade
2026-09-27 16:04:54 MCT 블립이 안 보여 기획실 노트북(48도 93px)까지 먼저 감
2026-09-27 16:04:54 길찾기 laptop: 걸음 1 방향 51도 58px, 블립까지 93px (길 끝 0px)
2026-09-27 16:04:58 길찾기 laptop: 걸음 2 방향 0도 48px, 블립까지 65px (길 끝 10px)
2026-09-27 16:05:01 길찾기 laptop: 걸음 3 방향 -6도 30px, 블립까지 36px (길 끝 1px)
2026-09-27 16:05:05 길찾기 mct: 걸음 1 방향 -45도 8px, 블립까지 999px (길 끝 26px)
2026-09-27 16:05:08 MCT 앞 도착
2026-09-27 16:07:15 시험 준비: 8초 물리 입력 유휴 대기
2026-09-27 16:07:23 시험 시작: pid=36416 idleMs=8000
2026-09-27 16:07:33 멈춤: MCT: 앉았다는 안내가 안 뜸
2026-09-27 16:08:35 시험 준비: 8초 물리 입력 유휴 대기
2026-09-27 16:08:43 시험 시작: pid=36416 idleMs=8188
2026-09-27 16:08:54 스폰 위치 = Arcade
2026-09-27 16:08:57 세션 재접속 시작 → Arcade
2026-09-27 16:09:30 도착 확인: Arcade
2026-09-27 16:09:30 Arcade 스폰 자리에서 mct 까지 길이 안 보여 다시 들어감 (1/12, 118도 999px, 길 끝 64px)
2026-09-27 16:09:44 멈춤: 시험 중단: 사용자 입력 또는 GTA 포커스 이탈
2026-09-27 16:09:44 멈춤: 재접속 대기 중 멈춤·포커스 이탈
2026-09-27 16:14:35 시험 준비: 8초 물리 입력 유휴 대기
2026-09-27 16:14:43 시험 시작: pid=36416 idleMs=8000
2026-09-27 16:14:46 스폰 위치 = Arcade
2026-09-27 16:14:48 세션 재접속 시작 → Arcade
2026-09-27 16:15:19 도착 확인: Arcade
2026-09-27 16:16:19 시험 준비: 8초 물리 입력 유휴 대기
2026-09-27 16:16:27 시험 시작: pid=36416 idleMs=8188
2026-09-27 16:16:27 아케이드 지하: 정면 계단까지 직진
2026-09-27 16:16:35 멈춤: 아케이드: 계단 경로 도착점 확인 중
2026-09-27 16:17:09 시험 준비: 8초 물리 입력 유휴 대기
2026-09-27 16:17:17 시험 시작: pid=36416 idleMs=8000
2026-09-27 16:17:17 길찾기 mct: 걸음 1 방향 104도 12px, 블립까지 63px (길 끝 1px)
2026-09-27 16:17:27 멈춤: 길찾기: mct 블립까지 길이 안 보임
2026-09-27 16:19:34 시험 준비: 8초 물리 입력 유휴 대기
2026-09-27 16:19:42 시험 시작: pid=36416 idleMs=8000
2026-09-27 16:19:42 MCT 블립이 안 보여 기획실 노트북(-67도 56px)까지 먼저 감
2026-09-27 16:19:42 길찾기 laptop: 걸음 1 방향 0도 15px, 블립까지 56px (길 끝 18px)
2026-09-27 16:19:45 길찾기 laptop: 걸음 2 방향 72도 19px, 블립까지 93px (길 끝 2px)
2026-09-27 16:19:53 길찾기 laptop: 걸음 3 방향 -47도 66px, 블립까지 75px (길 끝 9px)
2026-09-27 16:19:59 길찾기 laptop: 걸음 4 방향 9도 39px, 블립까지 44px (길 끝 2px)
2026-09-27 16:20:03 길찾기 laptop: 걸음 5 방향 14도 12px, 블립까지 19px (길 끝 2px)
2026-09-27 16:20:08 멈춤: 노트북 옆까지 갔는데 MCT 블립이 안 보임
